ARM GAS  C:\Users\Arthur\AppData\Local\Temp\ccsmq9i1.s 			page 1


   1              		.cpu cortex-m4
   2              		.arch armv7e-m
   3              		.fpu fpv4-sp-d16
   4              		.eabi_attribute 27, 1
   5              		.eabi_attribute 28, 1
   6              		.eabi_attribute 20, 1
   7              		.eabi_attribute 21, 1
   8              		.eabi_attribute 23, 3
   9              		.eabi_attribute 24, 1
  10              		.eabi_attribute 25, 1
  11              		.eabi_attribute 26, 1
  12              		.eabi_attribute 30, 6
  13              		.eabi_attribute 34, 1
  14              		.eabi_attribute 18, 4
  15              		.file	"init.c"
  16              		.text
  17              	.Ltext0:
  18              		.cfi_sections	.debug_frame
  19              		.file 1 "Core/Src/init.c"
  20              		.section	.text.GPIO_Ini,"ax",%progbits
  21              		.align	1
  22              		.global	GPIO_Ini
  23              		.syntax unified
  24              		.thumb
  25              		.thumb_func
  27              	GPIO_Ini:
  28              	.LFB130:
   1:Core/Src/init.c **** #include "init.h"
   2:Core/Src/init.c **** 
   3:Core/Src/init.c **** void GPIO_Ini(void){
  29              		.loc 1 3 20
  30              		.cfi_startproc
  31              		@ args = 0, pretend = 0, frame = 0
  32              		@ frame_needed = 1, uses_anonymous_args = 0
  33              		@ link register save eliminated.
  34 0000 80B4     		push	{r7}
  35              	.LCFI0:
  36              		.cfi_def_cfa_offset 4
  37              		.cfi_offset 7, -4
  38 0002 00AF     		add	r7, sp, #0
  39              	.LCFI1:
  40              		.cfi_def_cfa_register 7
   4:Core/Src/init.c ****     SET_BIT(RCC->AHB1ENR, RCC_AHB1ENR_GPIOBEN | RCC_AHB1ENR_GPIOCEN); //Power on B and C ports
  41              		.loc 1 4 5
  42 0004 1D4B     		ldr	r3, .L2
  43 0006 1B6B     		ldr	r3, [r3, #48]
  44 0008 1C4A     		ldr	r2, .L2
  45 000a 43F00603 		orr	r3, r3, #6
  46 000e 1363     		str	r3, [r2, #48]
   5:Core/Src/init.c **** 
   6:Core/Src/init.c ****     SET_BIT(GPIOB->MODER, GPIO_MODER_MODE7_0);
  47              		.loc 1 6 5
  48 0010 1B4B     		ldr	r3, .L2+4
  49 0012 1B68     		ldr	r3, [r3]
  50 0014 1A4A     		ldr	r2, .L2+4
  51 0016 43F48043 		orr	r3, r3, #16384
  52 001a 1360     		str	r3, [r2]
ARM GAS  C:\Users\Arthur\AppData\Local\Temp\ccsmq9i1.s 			page 2


   7:Core/Src/init.c ****     CLEAR_BIT(GPIOB->OTYPER, GPIO_OTYPER_OT_7);
  53              		.loc 1 7 5
  54 001c 184B     		ldr	r3, .L2+4
  55 001e 5B68     		ldr	r3, [r3, #4]
  56 0020 174A     		ldr	r2, .L2+4
  57 0022 23F08003 		bic	r3, r3, #128
  58 0026 5360     		str	r3, [r2, #4]
   8:Core/Src/init.c ****     SET_BIT(GPIOB->OSPEEDR, GPIO_OSPEEDER_OSPEEDR7_0);
  59              		.loc 1 8 5
  60 0028 154B     		ldr	r3, .L2+4
  61 002a 9B68     		ldr	r3, [r3, #8]
  62 002c 144A     		ldr	r2, .L2+4
  63 002e 43F48043 		orr	r3, r3, #16384
  64 0032 9360     		str	r3, [r2, #8]
   9:Core/Src/init.c ****     CLEAR_BIT(GPIOB->PUPDR, GPIO_PUPDR_PUPDR7_0);
  65              		.loc 1 9 5
  66 0034 124B     		ldr	r3, .L2+4
  67 0036 DB68     		ldr	r3, [r3, #12]
  68 0038 114A     		ldr	r2, .L2+4
  69 003a 23F48043 		bic	r3, r3, #16384
  70 003e D360     		str	r3, [r2, #12]
  10:Core/Src/init.c **** 
  11:Core/Src/init.c ****     CLEAR_BIT(GPIOC->MODER, GPIO_MODER_MODE13_0 | GPIO_MODER_MODE13_1);
  71              		.loc 1 11 5
  72 0040 104B     		ldr	r3, .L2+8
  73 0042 1B68     		ldr	r3, [r3]
  74 0044 0F4A     		ldr	r2, .L2+8
  75 0046 23F04063 		bic	r3, r3, #201326592
  76 004a 1360     		str	r3, [r2]
  12:Core/Src/init.c ****     CLEAR_BIT(GPIOC->OTYPER, GPIO_OTYPER_OT_13);
  77              		.loc 1 12 5
  78 004c 0D4B     		ldr	r3, .L2+8
  79 004e 5B68     		ldr	r3, [r3, #4]
  80 0050 0C4A     		ldr	r2, .L2+8
  81 0052 23F40053 		bic	r3, r3, #8192
  82 0056 5360     		str	r3, [r2, #4]
  13:Core/Src/init.c ****     SET_BIT(GPIOC->OSPEEDR, GPIO_OSPEEDER_OSPEEDR13_0);
  83              		.loc 1 13 5
  84 0058 0A4B     		ldr	r3, .L2+8
  85 005a 9B68     		ldr	r3, [r3, #8]
  86 005c 094A     		ldr	r2, .L2+8
  87 005e 43F08063 		orr	r3, r3, #67108864
  88 0062 9360     		str	r3, [r2, #8]
  14:Core/Src/init.c ****     CLEAR_BIT(GPIOC->PUPDR, GPIO_PUPDR_PUPDR13_0);
  89              		.loc 1 14 5
  90 0064 074B     		ldr	r3, .L2+8
  91 0066 DB68     		ldr	r3, [r3, #12]
  92 0068 064A     		ldr	r2, .L2+8
  93 006a 23F08063 		bic	r3, r3, #67108864
  94 006e D360     		str	r3, [r2, #12]
  15:Core/Src/init.c **** }...
  95              		.loc 1 15 1
  96 0070 00BF     		nop
  97 0072 BD46     		mov	sp, r7
  98              	.LCFI2:
  99              		.cfi_def_cfa_register 13
 100              		@ sp needed
ARM GAS  C:\Users\Arthur\AppData\Local\Temp\ccsmq9i1.s 			page 3


 101 0074 5DF8047B 		ldr	r7, [sp], #4
 102              	.LCFI3:
 103              		.cfi_restore 7
 104              		.cfi_def_cfa_offset 0
 105 0078 7047     		bx	lr
 106              	.L3:
 107 007a 00BF     		.align	2
 108              	.L2:
 109 007c 00380240 		.word	1073887232
 110 0080 00040240 		.word	1073873920
 111 0084 00080240 		.word	1073874944
 112              		.cfi_endproc
 113              	.LFE130:
 115              		.text
 116              	.Letext0:
 117              		.file 2 "C:/CMPT/Tools/arm-none-eabi-gcc-13.2.1-1.1/arm-none-eabi/include/machine/_default_types.h
 118              		.file 3 "C:/CMPT/Tools/arm-none-eabi-gcc-13.2.1-1.1/arm-none-eabi/include/sys/_stdint.h"
 119              		.file 4 "CMSIS/Devices/STM32F4xx/Inc/STM32F429xx/stm32f429xx.h"
ARM GAS  C:\Users\Arthur\AppData\Local\Temp\ccsmq9i1.s 			page 4


DEFINED SYMBOLS
                            *ABS*:00000000 init.c
C:\Users\Arthur\AppData\Local\Temp\ccsmq9i1.s:21     .text.GPIO_Ini:00000000 $t
C:\Users\Arthur\AppData\Local\Temp\ccsmq9i1.s:27     .text.GPIO_Ini:00000000 GPIO_Ini
C:\Users\Arthur\AppData\Local\Temp\ccsmq9i1.s:109    .text.GPIO_Ini:0000007c $d

NO UNDEFINED SYMBOLS
