ARM GAS  C:\Users\Arthur\AppData\Local\Temp\cc2PdDBI.s 			page 1


   1              		.cpu cortex-m4
   2              		.arch armv7e-m
   3              		.fpu fpv4-sp-d16
   4              		.eabi_attribute 27, 1
   5              		.eabi_attribute 28, 1
   6              		.eabi_attribute 20, 1
   7              		.eabi_attribute 21, 1
   8              		.eabi_attribute 23, 3
   9              		.eabi_attribute 24, 1
  10              		.eabi_attribute 25, 1
  11              		.eabi_attribute 26, 1
  12              		.eabi_attribute 30, 6
  13              		.eabi_attribute 34, 1
  14              		.eabi_attribute 18, 4
  15              		.file	"main.c"
  16              		.text
  17              	.Ltext0:
  18              		.cfi_sections	.debug_frame
  19              		.file 1 "Core/Src/main.c"
  20              		.section	.text.main,"ax",%progbits
  21              		.align	1
  22              		.global	main
  23              		.syntax unified
  24              		.thumb
  25              		.thumb_func
  27              	main:
  28              	.LFB0:
   1:Core/Src/main.c **** #include "init.h"
   2:Core/Src/main.c **** 
   3:Core/Src/main.c **** int main(void) {
  29              		.loc 1 3 16
  30              		.cfi_startproc
  31              		@ args = 0, pretend = 0, frame = 0
  32              		@ frame_needed = 1, uses_anonymous_args = 0
  33 0000 80B5     		push	{r7, lr}
  34              	.LCFI0:
  35              		.cfi_def_cfa_offset 8
  36              		.cfi_offset 7, -8
  37              		.cfi_offset 14, -4
  38 0002 00AF     		add	r7, sp, #0
  39              	.LCFI1:
  40              		.cfi_def_cfa_register 7
   4:Core/Src/main.c **** 
   5:Core/Src/main.c ****     GPIO_Ini();
  41              		.loc 1 5 5
  42 0004 FFF7FEFF 		bl	GPIO_Ini
  43              	.L4:
   6:Core/Src/main.c ****     while(1){
   7:Core/Src/main.c ****         if(READ_BIT(GPIOC_IDR, GPIOC_IDR_PIN13) != 0){
  44              		.loc 1 7 12
  45 0008 094B     		ldr	r3, .L5
  46 000a 1B68     		ldr	r3, [r3]
  47 000c 03F40053 		and	r3, r3, #8192
  48              		.loc 1 7 11
  49 0010 002B     		cmp	r3, #0
  50 0012 06D0     		beq	.L2
   8:Core/Src/main.c ****             SET_BIT(GPIOB_BSRR, GPIOB_BSRR_PIN7_SET); 
ARM GAS  C:\Users\Arthur\AppData\Local\Temp\cc2PdDBI.s 			page 2


  51              		.loc 1 8 13
  52 0014 074B     		ldr	r3, .L5+4
  53 0016 1B68     		ldr	r3, [r3]
  54 0018 064A     		ldr	r2, .L5+4
  55 001a 43F08003 		orr	r3, r3, #128
  56 001e 1360     		str	r3, [r2]
  57 0020 F2E7     		b	.L4
  58              	.L2:
   9:Core/Src/main.c ****         }
  10:Core/Src/main.c ****         else{
  11:Core/Src/main.c ****             SET_BIT(GPIOB_BSRR, GPIOB_BSRR_PIN7_RESET); 
  59              		.loc 1 11 13
  60 0022 044B     		ldr	r3, .L5+4
  61 0024 1B68     		ldr	r3, [r3]
  62 0026 034A     		ldr	r2, .L5+4
  63 0028 43F40003 		orr	r3, r3, #8388608
  64 002c 1360     		str	r3, [r2]
   7:Core/Src/main.c ****             SET_BIT(GPIOB_BSRR, GPIOB_BSRR_PIN7_SET); 
  65              		.loc 1 7 11
  66 002e EBE7     		b	.L4
  67              	.L6:
  68              		.align	2
  69              	.L5:
  70 0030 10080240 		.word	1073874960
  71 0034 18040240 		.word	1073873944
  72              		.cfi_endproc
  73              	.LFE0:
  75              		.text
  76              	.Letext0:
  77              		.file 2 "C:/CMPT/Tools/arm-none-eabi-gcc-13.2.1-1.1/arm-none-eabi/include/machine/_default_types.h
  78              		.file 3 "C:/CMPT/Tools/arm-none-eabi-gcc-13.2.1-1.1/arm-none-eabi/include/sys/_stdint.h"
  79              		.file 4 "Core/Inc/init.h"
ARM GAS  C:\Users\Arthur\AppData\Local\Temp\cc2PdDBI.s 			page 3


DEFINED SYMBOLS
                            *ABS*:00000000 main.c
C:\Users\Arthur\AppData\Local\Temp\cc2PdDBI.s:21     .text.main:00000000 $t
C:\Users\Arthur\AppData\Local\Temp\cc2PdDBI.s:27     .text.main:00000000 main
C:\Users\Arthur\AppData\Local\Temp\cc2PdDBI.s:70     .text.main:00000030 $d

UNDEFINED SYMBOLS
GPIO_Ini
