ARM GAS  C:\Users\Arthur\AppData\Local\Temp\ccYGdaE8.s 			page 1


   1              		.cpu cortex-m4
   2              		.arch armv7e-m
   3              		.fpu fpv4-sp-d16
   4              		.eabi_attribute 27, 1
   5              		.eabi_attribute 28, 1
   6              		.eabi_attribute 20, 1
   7              		.eabi_attribute 21, 1
   8              		.eabi_attribute 23, 3
   9              		.eabi_attribute 24, 1
  10              		.eabi_attribute 25, 1
  11              		.eabi_attribute 26, 1
  12              		.eabi_attribute 30, 6
  13              		.eabi_attribute 34, 1
  14              		.eabi_attribute 18, 4
  15              		.file	"main.c"
  16              		.text
  17              	.Ltext0:
  18              		.cfi_sections	.debug_frame
  19              		.file 1 "Core/Src/main.c"
  20              		.global	flag
  21              		.section	.bss.flag,"aw",%nobits
  24              	flag:
  25 0000 00       		.space	1
  26              		.section	.text.main,"ax",%progbits
  27              		.align	1
  28              		.global	main
  29              		.syntax unified
  30              		.thumb
  31              		.thumb_func
  33              	main:
  34              	.LFB130:
   1:Core/Src/main.c **** #include "init.h"
   2:Core/Src/main.c **** 
   3:Core/Src/main.c **** uint8_t flag;
   4:Core/Src/main.c **** 
   5:Core/Src/main.c **** int main(void) {
  35              		.loc 1 5 16
  36              		.cfi_startproc
  37              		@ args = 0, pretend = 0, frame = 0
  38              		@ frame_needed = 1, uses_anonymous_args = 0
  39 0000 80B5     		push	{r7, lr}
  40              	.LCFI0:
  41              		.cfi_def_cfa_offset 8
  42              		.cfi_offset 7, -8
  43              		.cfi_offset 14, -4
  44 0002 00AF     		add	r7, sp, #0
  45              	.LCFI1:
  46              		.cfi_def_cfa_register 7
   6:Core/Src/main.c **** 
   7:Core/Src/main.c ****     GPIO_Ini();
  47              		.loc 1 7 5
  48 0004 FFF7FEFF 		bl	GPIO_Ini
  49              	.L4:
   8:Core/Src/main.c ****     while(1){
   9:Core/Src/main.c ****         if(READ_BIT(GPIOC->IDR, GPIO_IDR_IDR_13) != 0){
  50              		.loc 1 9 12
  51 0008 0C4B     		ldr	r3, .L5
ARM GAS  C:\Users\Arthur\AppData\Local\Temp\ccYGdaE8.s 			page 2


  52 000a 1B69     		ldr	r3, [r3, #16]
  53 000c 03F40053 		and	r3, r3, #8192
  54              		.loc 1 9 11
  55 0010 002B     		cmp	r3, #0
  56 0012 09D0     		beq	.L2
  10:Core/Src/main.c ****             flag = 1;
  57              		.loc 1 10 18
  58 0014 0A4B     		ldr	r3, .L5+4
  59 0016 0122     		movs	r2, #1
  60 0018 1A70     		strb	r2, [r3]
  11:Core/Src/main.c ****             SET_BIT(GPIOB->BSRR, GPIO_BSRR_BS7); 
  61              		.loc 1 11 13
  62 001a 0A4B     		ldr	r3, .L5+8
  63 001c 9B69     		ldr	r3, [r3, #24]
  64 001e 094A     		ldr	r2, .L5+8
  65 0020 43F08003 		orr	r3, r3, #128
  66 0024 9361     		str	r3, [r2, #24]
  67 0026 EFE7     		b	.L4
  68              	.L2:
  12:Core/Src/main.c ****         }
  13:Core/Src/main.c ****         else{
  14:Core/Src/main.c ****             flag = 0;
  69              		.loc 1 14 18
  70 0028 054B     		ldr	r3, .L5+4
  71 002a 0022     		movs	r2, #0
  72 002c 1A70     		strb	r2, [r3]
  15:Core/Src/main.c ****             SET_BIT(GPIOB->BSRR, GPIO_BSRR_BR7); 
  73              		.loc 1 15 13
  74 002e 054B     		ldr	r3, .L5+8
  75 0030 9B69     		ldr	r3, [r3, #24]
  76 0032 044A     		ldr	r2, .L5+8
  77 0034 43F40003 		orr	r3, r3, #8388608
  78 0038 9361     		str	r3, [r2, #24]
   9:Core/Src/main.c ****             flag = 1;
  79              		.loc 1 9 11
  80 003a E5E7     		b	.L4
  81              	.L6:
  82              		.align	2
  83              	.L5:
  84 003c 00080240 		.word	1073874944
  85 0040 00000000 		.word	flag
  86 0044 00040240 		.word	1073873920
  87              		.cfi_endproc
  88              	.LFE130:
  90              		.text
  91              	.Letext0:
  92              		.file 2 "C:/CMPT/Tools/arm-none-eabi-gcc-13.2.1-1.1/arm-none-eabi/include/machine/_default_types.h
  93              		.file 3 "C:/CMPT/Tools/arm-none-eabi-gcc-13.2.1-1.1/arm-none-eabi/include/sys/_stdint.h"
  94              		.file 4 "CMSIS/Devices/STM32F4xx/Inc/STM32F429xx/stm32f429xx.h"
  95              		.file 5 "Core/Inc/init.h"
ARM GAS  C:\Users\Arthur\AppData\Local\Temp\ccYGdaE8.s 			page 3


DEFINED SYMBOLS
                            *ABS*:00000000 main.c
C:\Users\Arthur\AppData\Local\Temp\ccYGdaE8.s:24     .bss.flag:00000000 flag
C:\Users\Arthur\AppData\Local\Temp\ccYGdaE8.s:25     .bss.flag:00000000 $d
C:\Users\Arthur\AppData\Local\Temp\ccYGdaE8.s:27     .text.main:00000000 $t
C:\Users\Arthur\AppData\Local\Temp\ccYGdaE8.s:33     .text.main:00000000 main
C:\Users\Arthur\AppData\Local\Temp\ccYGdaE8.s:84     .text.main:0000003c $d

UNDEFINED SYMBOLS
GPIO_Ini
